// Jest Snapshot v1, https://goo.gl/fbAQLP

exports[`renders a Button correctly when there are no items 1`] = `
<div
  className="component-button-panel"
>
  <div>
    <div
      className="component-button"
    >
      <button
        onClick={[Function]}
      >
        AC
      </button>
    </div>
    <div
      className="component-button"
    >
      <button
        onClick={[Function]}
      >
        +/-
      </button>
    </div>
    <div
      className="component-button"
    >
      <button
        onClick={[Function]}
      >
        %
      </button>
    </div>
    <div
      className="component-button orange"
    >
      <button
        onClick={[Function]}
      >
        รท
      </button>
    </div>
  </div>
  <div>
    <div
      className="component-button"
    >
      <button
        onClick={[Function]}
      >
        7
      </button>
    </div>
    <div
      className="component-button"
    >
      <button
        onClick={[Function]}
      >
        8
      </button>
    </div>
    <div
      className="component-button"
    >
      <button
        onClick={[Function]}
      >
        9
      </button>
    </div>
    <div
      className="component-button orange"
    >
      <button
        onClick={[Function]}
      >
        x
      </button>
    </div>
  </div>
  <div>
    <div
      className="component-button"
    >
      <button
        onClick={[Function]}
      >
        4
      </button>
    </div>
    <div
      className="component-button"
    >
      <button
        onClick={[Function]}
      >
        5
      </button>
    </div>
    <div
      className="component-button"
    >
      <button
        onClick={[Function]}
      >
        6
      </button>
    </div>
    <div
      className="component-button orange"
    >
      <button
        onClick={[Function]}
      >
        -
      </button>
    </div>
  </div>
  <div>
    <div
      className="component-button"
    >
      <button
        onClick={[Function]}
      >
        1
      </button>
    </div>
    <div
      className="component-button"
    >
      <button
        onClick={[Function]}
      >
        2
      </button>
    </div>
    <div
      className="component-button"
    >
      <button
        onClick={[Function]}
      >
        3
      </button>
    </div>
    <div
      className="component-button orange"
    >
      <button
        onClick={[Function]}
      >
        +
      </button>
    </div>
  </div>
  <div>
    <div
      className="component-button  wide"
    >
      <button
        onClick={[Function]}
      >
        0
      </button>
    </div>
    <div
      className="component-button"
    >
      <button
        onClick={[Function]}
      >
        .
      </button>
    </div>
    <div
      className="component-button orange"
    >
      <button
        onClick={[Function]}
      >
        =
      </button>
    </div>
  </div>
</div>
`;

exports[`renders correctly when there are no items 1`] = `
<div
  className="component-button-panel"
>
  <div>
    <div
      className="component-button"
    >
      <button
        onClick={[Function]}
      >
        AC
      </button>
    </div>
    <div
      className="component-button"
    >
      <button
        onClick={[Function]}
      >
        +/-
      </button>
    </div>
    <div
      className="component-button"
    >
      <button
        onClick={[Function]}
      >
        %
      </button>
    </div>
    <div
      className="component-button orange"
    >
      <button
        onClick={[Function]}
      >
        รท
      </button>
    </div>
  </div>
  <div>
    <div
      className="component-button"
    >
      <button
        onClick={[Function]}
      >
        7
      </button>
    </div>
    <div
      className="component-button"
    >
      <button
        onClick={[Function]}
      >
        8
      </button>
    </div>
    <div
      className="component-button"
    >
      <button
        onClick={[Function]}
      >
        9
      </button>
    </div>
    <div
      className="component-button orange"
    >
      <button
        onClick={[Function]}
      >
        x
      </button>
    </div>
  </div>
  <div>
    <div
      className="component-button"
    >
      <button
        onClick={[Function]}
      >
        4
      </button>
    </div>
    <div
      className="component-button"
    >
      <button
        onClick={[Function]}
      >
        5
      </button>
    </div>
    <div
      className="component-button"
    >
      <button
        onClick={[Function]}
      >
        6
      </button>
    </div>
    <div
      className="component-button orange"
    >
      <button
        onClick={[Function]}
      >
        -
      </button>
    </div>
  </div>
  <div>
    <div
      className="component-button"
    >
      <button
        onClick={[Function]}
      >
        1
      </button>
    </div>
    <div
      className="component-button"
    >
      <button
        onClick={[Function]}
      >
        2
      </button>
    </div>
    <div
      className="component-button"
    >
      <button
        onClick={[Function]}
      >
        3
      </button>
    </div>
    <div
      className="component-button orange"
    >
      <button
        onClick={[Function]}
      >
        +
      </button>
    </div>
  </div>
  <div>
    <div
      className="component-button  wide"
    >
      <button
        onClick={[Function]}
      >
        0
      </button>
    </div>
    <div
      className="component-button"
    >
      <button
        onClick={[Function]}
      >
        .
      </button>
    </div>
    <div
      className="component-button orange"
    >
      <button
        onClick={[Function]}
      >
        =
      </button>
    </div>
  </div>
</div>
`;
